// Jest Snapshot v1, https://goo.gl/fbAQLP

exports[`sidebar tests sidebar renders 1`] = `
Object {
  "asFragment": [Function],
  "baseElement": <body>
    <div>
      <div
        class="sidebar undefined"
      >
        <div
          class="titleContainer"
        >
          <div
            class="title title"
          >
            <span
              class="accent"
            >
               
            </span>
            <span
              class="usual"
            >
              Подбор по параметрам
            </span>
          </div>
        </div>
        <div
          class="selectors"
        >
          <div
            class="rangeContainer selector"
          >
            <p
              class="name"
            >
              Цена ₸
            </p>
            <div
              class="inputContainer"
            >
              <input
                type="text"
                value="0"
              />
              <span>
                -
              </span>
              <input
                type="text"
                value="10000"
              />
            </div>
          </div>
          <div
            class="selectContainer selector"
          >
            <p
              class="title"
            >
              Производитель
            </p>
            <input
              class="undefined input"
              placeholder="Поиск..."
              type="text"
              value=""
            />
            <form
              action=""
              class="form"
            />
          </div>
          <div
            class="selectContainer selector"
          >
            <p
              class="title"
            >
              Бренд
            </p>
            <input
              class="undefined input"
              placeholder="Поиск..."
              type="text"
              value=""
            />
            <form
              action=""
              class="form"
            />
          </div>
          <div
            class="buttonsContainer"
          >
            <button
              class="show button"
              data-testid="applybtn"
            >
              Показать
            </button>
            <button
              class="undefined button"
              data-testid="clearbtn"
              style="padding: 18.5px;"
            >
              <img
                src="trash.svg"
                style="margin-left: 0px;"
              />
            </button>
          </div>
        </div>
        <div
          class="filters filterbar"
        >
          <button
            class="button"
          >
            Уход за телом
          </button>
          <button
            class="button"
          >
            Уход за руками
          </button>
          <button
            class="button"
          >
            Уход за ногами
          </button>
          <button
            class="button"
          >
            Уход за лицом
          </button>
          <button
            class="button"
          >
            Уход за волосами
          </button>
          <button
            class="button"
          >
            Средства для загара
          </button>
          <button
            class="button"
          >
            Средства для бритья
          </button>
          <button
            class="button"
          >
            Подарочные наборы
          </button>
          <button
            class="button"
          >
            Гигиеническая продукция
          </button>
          <button
            class="button"
          >
            Гигиена полости рта
          </button>
          <button
            class="button"
          >
            Бумажная продукция
          </button>
        </div>
      </div>
    </div>
  </body>,
  "container": <div>
    <div
      class="sidebar undefined"
    >
      <div
        class="titleContainer"
      >
        <div
          class="title title"
        >
          <span
            class="accent"
          >
             
          </span>
          <span
            class="usual"
          >
            Подбор по параметрам
          </span>
        </div>
      </div>
      <div
        class="selectors"
      >
        <div
          class="rangeContainer selector"
        >
          <p
            class="name"
          >
            Цена ₸
          </p>
          <div
            class="inputContainer"
          >
            <input
              type="text"
              value="0"
            />
            <span>
              -
            </span>
            <input
              type="text"
              value="10000"
            />
          </div>
        </div>
        <div
          class="selectContainer selector"
        >
          <p
            class="title"
          >
            Производитель
          </p>
          <input
            class="undefined input"
            placeholder="Поиск..."
            type="text"
            value=""
          />
          <form
            action=""
            class="form"
          />
        </div>
        <div
          class="selectContainer selector"
        >
          <p
            class="title"
          >
            Бренд
          </p>
          <input
            class="undefined input"
            placeholder="Поиск..."
            type="text"
            value=""
          />
          <form
            action=""
            class="form"
          />
        </div>
        <div
          class="buttonsContainer"
        >
          <button
            class="show button"
            data-testid="applybtn"
          >
            Показать
          </button>
          <button
            class="undefined button"
            data-testid="clearbtn"
            style="padding: 18.5px;"
          >
            <img
              src="trash.svg"
              style="margin-left: 0px;"
            />
          </button>
        </div>
      </div>
      <div
        class="filters filterbar"
      >
        <button
          class="button"
        >
          Уход за телом
        </button>
        <button
          class="button"
        >
          Уход за руками
        </button>
        <button
          class="button"
        >
          Уход за ногами
        </button>
        <button
          class="button"
        >
          Уход за лицом
        </button>
        <button
          class="button"
        >
          Уход за волосами
        </button>
        <button
          class="button"
        >
          Средства для загара
        </button>
        <button
          class="button"
        >
          Средства для бритья
        </button>
        <button
          class="button"
        >
          Подарочные наборы
        </button>
        <button
          class="button"
        >
          Гигиеническая продукция
        </button>
        <button
          class="button"
        >
          Гигиена полости рта
        </button>
        <button
          class="button"
        >
          Бумажная продукция
        </button>
      </div>
    </div>
  </div>,
  "debug": [Function],
  "findAllByAltText": [Function],
  "findAllByDisplayValue": [Function],
  "findAllByLabelText": [Function],
  "findAllByPlaceholderText": [Function],
  "findAllByRole": [Function],
  "findAllByTestId": [Function],
  "findAllByText": [Function],
  "findAllByTitle": [Function],
  "findByAltText": [Function],
  "findByDisplayValue": [Function],
  "findByLabelText": [Function],
  "findByPlaceholderText": [Function],
  "findByRole": [Function],
  "findByTestId": [Function],
  "findByText": [Function],
  "findByTitle": [Function],
  "getAllByAltText": [Function],
  "getAllByDisplayValue": [Function],
  "getAllByLabelText": [Function],
  "getAllByPlaceholderText": [Function],
  "getAllByRole": [Function],
  "getAllByTestId": [Function],
  "getAllByText": [Function],
  "getAllByTitle": [Function],
  "getByAltText": [Function],
  "getByDisplayValue": [Function],
  "getByLabelText": [Function],
  "getByPlaceholderText": [Function],
  "getByRole": [Function],
  "getByTestId": [Function],
  "getByText": [Function],
  "getByTitle": [Function],
  "queryAllByAltText": [Function],
  "queryAllByDisplayValue": [Function],
  "queryAllByLabelText": [Function],
  "queryAllByPlaceholderText": [Function],
  "queryAllByRole": [Function],
  "queryAllByTestId": [Function],
  "queryAllByText": [Function],
  "queryAllByTitle": [Function],
  "queryByAltText": [Function],
  "queryByDisplayValue": [Function],
  "queryByLabelText": [Function],
  "queryByPlaceholderText": [Function],
  "queryByRole": [Function],
  "queryByTestId": [Function],
  "queryByText": [Function],
  "queryByTitle": [Function],
  "rerender": [Function],
  "unmount": [Function],
}
`;
